C__CATG__ACCESS primary int $.value
C__CATG__ACCESS type int $.id
C__CATG__ACCOUNTING account int $.id
C__CATG__ACCOUNTING contact list_int $[*].id # Attribut muss eine Liste von Integern sein, sollte aber laut Dokumentation ein int sein. (Eingereicht)
C__CATG__ACCOUNTING cost_unit int $.id
C__CATG__ACCOUNTING guarantee_period_base int $.id
C__CATG__ACCOUNTING guarantee_period_unit int $.id
C__CATG__ACCOUNTING procurement int $.id
C__CATG__APPLICATION application list_int $[*].id
C__CATG__APPLICATION application_priority int $.id
C__CATG__APPLICATION application_type int $.id
C__CATG__APPLICATION assigned_it_service list_int $[*].id
C__CATG__APPLICATION assigned_license list_int $[*].id
C__CATG__APPLICATION assigned_version int $.id
C__CATG__APPLICATION bequest_nagios_services int $.value
C__CATG__BACKUP backup int $.id
C__CATG__CABLE cable_colour int $.id
C__CATG__CABLE cable_occupancy int $.id
C__CATG__CABLE cable_type int $.id
C__CATG__CLUSTER quorum int $.value
C__CATG__CLUSTER_ADM_SERVICE connected_object int $.id
C__CATG__CLUSTER_ADM_SERVICE objtype text $
C__CATG__CLUSTER_MEMBERS member int $.id
C__CATG__CLUSTER_MEMBERSHIPS connected_object list_int $[*].id
C__CATG__CLUSTER_ROOT quorum int $.value
C__CATG__CMK active int $.value
C__CATG__CMK export_ip int $.id
C__CATG__CMK_DEF active int $.value
C__CATG__CMK_DEF export_ip int $.id
C__CATG__CMK_TAG tags list_text $[*]
C__CATG__CONNECTOR assigned_category text $.title
C__CATG__CONNECTOR assigned_connector list_int $[*].id
C__CATG__CONNECTOR cable_connection list_int $[*].id
C__CATG__CONNECTOR connection_type int $.id
C__CATG__CONNECTOR connector_sibling int $.sibling_id
C__CATG__CONNECTOR relation_direction int $.id
C__CATG__CONNECTOR type int $.id
C__CATG__CONTACT contact int $[*].id 
C__CATG__CONTACT contact_object int $.id
C__CATG__CONTACT primary int $.value
C__CATG__CONTACT role int $.id
C__CATG__CONTRACT_ASSIGNMENT connected_contract int $.id
C__CATG__CONTROLLER type int $.id
C__CATG__CPU frequency double $.title
C__CATG__CPU frequency_unit int $.id
C__CATG__CPU manufacturer int $.id
C__CATG__CPU type int $.id
C__CATG__DRIVE system_drive int $.value
C__CATG__DRIVE unit int $.id
C__CATG__FIBER_LEAD category int $.id
C__CATG__FILE category int $.id
C__CATG__FILE file int $.id
C__CATG__FORMFACTOR formfactor int $.id
C__CATG__FORMFACTOR unit int $.id
C__CATG__FORMFACTOR weight_unit int $.id
C__CATG__GLOBAL category int $.id
C__CATG__GLOBAL cmdb_status int $.id
C__CATG__GLOBAL purpose int $.id
C__CATG__GLOBAL status int $.id
C__CATG__GLOBAL tag list_int $[*].id
C__CATG__GLOBAL type int $.id
C__CATG__GROUP_MEMBERSHIPS connected_object int $.id
C__CATG__GUEST_SYSTEMS connected_object int $.id
C__CATG__GUEST_SYSTEMS hostname text $.title
C__CATG__GUEST_SYSTEMS runs_on int $.id
C__CATG__IMAGE image text $.value # Attribut enthält mehrmals den selben String (Eingereicht)
C__CATG__IMAGE image_selection text $.id # Attribut enthält keinen Integer, sollte aber (Eingereicht)
C__CATG__IP active int $.value
C__CATG__IP aliases list_int $[*].id
C__CATG__IP assigned_port int $.id
C__CATG__IP dns_server list_text $[*].ref_title
C__CATG__IP hostaddress text $.ref_title
C__CATG__IP ipv4_address text $.ref_title
C__CATG__IP ipv4_assignment int $.id
C__CATG__IP ipv6_address text $.ref_title
C__CATG__IP ipv6_assignment int $.id
C__CATG__IP ipv6_scope int $.id
C__CATG__IP net int $.id
C__CATG__IP net_type int $.id
C__CATG__IP primary int $.value
C__CATG__IP primary_hostaddress text $.ref_title
C__CATG__IP search_domain list_int $[*].id
C__CATG__IP use_standard_gateway int $.value
C__CATG__ITS_LOGBOOK alert_level text $.title
C__CATG__ITS_LOGBOOK event int $.id
C__CATG__ITS_LOGBOOK object int $.id
C__CATG__ITS_LOGBOOK user int $.id
C__CATG__ITS_TYPE its_type int $.id
C__CATG__IT_SERVICE connected_object int $.id
C__CATG__IT_SERVICE_COMPONENTS connected_object int $.id
C__CATG__IT_SERVICE_COMPONENTS objtype text $
C__CATG__IT_SERVICE_RELATIONS itservice int $.id
C__CATG__IT_SERVICE_RELATIONS object1 int $.id
C__CATG__IT_SERVICE_RELATIONS object2 int $.id
C__CATG__IT_SERVICE_RELATIONS relation_type int $.id
C__CATG__IT_SERVICE_RELATIONS weighting int $.id
C__CATG__LOCATION gps gps $where[latitude,longitude]
C__CATG__LOCATION insertion int $.id
C__CATG__LOCATION option int $.id
C__CATG__LOCATION parent int $.id
C__CATG__LOCATION pos int $.obj_id
C__CATG__LOGBOOK alert_level text $.title
C__CATG__LOGBOOK event int $.id
C__CATG__LOGBOOK object int $.id
C__CATG__LOGBOOK user int $.id
C__CATG__MAIL_ADDRESSES primary int $.id
C__CATG__MAIL_ADDRESSES primary int $.value
C__CATG__MANUAL manual int $.id
C__CATG__MEMORY manufacturer int $.id
C__CATG__MEMORY title int $.id
C__CATG__MEMORY type int $.id
C__CATG__MEMORY unit int $.id
C__CATG__MODEL manufacturer int $.id
C__CATG__MODEL title int $.id
C__CATG__MONITORING active int $.value
C__CATG__MONITORING monitoring_host int $.id
C__CATG__NAGIOS active_checks_enabled int $.value
C__CATG__NAGIOS address int $.id
C__CATG__NAGIOS check_freshness int $.value
C__CATG__NAGIOS check_period int $[*].id
C__CATG__NAGIOS event_handler_enabled int $.id
C__CATG__NAGIOS event_handler_enabled int $.value
C__CATG__NAGIOS flap_detection_enabled int $.value
C__CATG__NAGIOS flap_detection_options list_text $[*].title
C__CATG__NAGIOS host_notification_options list_text $[*].title
C__CATG__NAGIOS host_template list_int $[*].id
C__CATG__NAGIOS initial_state int $[*].id
C__CATG__NAGIOS is_exportable int $.value
C__CATG__NAGIOS is_parent int $.value
C__CATG__NAGIOS notification_period int $.id
C__CATG__NAGIOS notifications_enabled int $.value
C__CATG__NAGIOS obsess_over_host int $.value
C__CATG__NAGIOS parents text $.title
C__CATG__NAGIOS passive_checks_enabled int $.value
C__CATG__NAGIOS process_perf_data int $.value
C__CATG__NAGIOS retain_nonstatus_information int $.value
C__CATG__NAGIOS retain_status_information int $.value
C__CATG__NAGIOS stalking_options list_int $[*].title
C__CATG__NAGIOS_GROUP is_exportable int $.value
C__CATG__NAGIOS_GROUP type int $.id
C__CATG__NAGIOS_HOST_FOLDER active_checks_enabled int $.value
C__CATG__NAGIOS_HOST_FOLDER address int $.id
C__CATG__NAGIOS_HOST_FOLDER check_freshness int $.value
C__CATG__NAGIOS_HOST_FOLDER check_period int $[*].id
C__CATG__NAGIOS_HOST_FOLDER event_handler_enabled int $.value
C__CATG__NAGIOS_HOST_FOLDER flap_detection_enabled int $.value
C__CATG__NAGIOS_HOST_FOLDER flap_detection_options list_text $[*].title
C__CATG__NAGIOS_HOST_FOLDER host_notification_options list_text $[*].title
C__CATG__NAGIOS_HOST_FOLDER host_template list_int $[*].id
C__CATG__NAGIOS_HOST_FOLDER initial_state text $.title
C__CATG__NAGIOS_HOST_FOLDER is_exportable int $.value
C__CATG__NAGIOS_HOST_FOLDER is_parent int $.value
C__CATG__NAGIOS_HOST_FOLDER notification_period int $.id
C__CATG__NAGIOS_HOST_FOLDER notifications_enabled int $.value
C__CATG__NAGIOS_HOST_FOLDER obsess_over_host int $.value
C__CATG__NAGIOS_HOST_FOLDER parents text $.title
C__CATG__NAGIOS_HOST_FOLDER passive_checks_enabled int $.value
C__CATG__NAGIOS_HOST_FOLDER process_perf_data int $.value
C__CATG__NAGIOS_HOST_FOLDER retain_nonstatus_information int $.value
C__CATG__NAGIOS_HOST_FOLDER retain_status_information int $.value
C__CATG__NAGIOS_HOST_FOLDER stalking_options list_int $[*].title
C__CATG__NAGIOS_HOST_TPL_DEF active_checks_enabled int $.value
C__CATG__NAGIOS_HOST_TPL_DEF address int $.id
C__CATG__NAGIOS_HOST_TPL_DEF check_freshness int $.value
C__CATG__NAGIOS_HOST_TPL_DEF check_period int $[*].id
C__CATG__NAGIOS_HOST_TPL_DEF event_handler_enabled int $.value
C__CATG__NAGIOS_HOST_TPL_DEF flap_detection_enabled int $.value
C__CATG__NAGIOS_HOST_TPL_DEF flap_detection_options list_text $[*].title
C__CATG__NAGIOS_HOST_TPL_DEF host_notification_options list_text $[*].title
C__CATG__NAGIOS_HOST_TPL_DEF host_template list_int $[*].id
C__CATG__NAGIOS_HOST_TPL_DEF initial_state text $.title
C__CATG__NAGIOS_HOST_TPL_DEF is_exportable int $.value
C__CATG__NAGIOS_HOST_TPL_DEF is_parent int $.value
C__CATG__NAGIOS_HOST_TPL_DEF notification_period int $.id
C__CATG__NAGIOS_HOST_TPL_DEF notifications_enabled int $.value
C__CATG__NAGIOS_HOST_TPL_DEF obsess_over_host int $.value
C__CATG__NAGIOS_HOST_TPL_DEF parents text $.title
C__CATG__NAGIOS_HOST_TPL_DEF passive_checks_enabled int $.value
C__CATG__NAGIOS_HOST_TPL_DEF process_perf_data int $.value
C__CATG__NAGIOS_HOST_TPL_DEF retain_nonstatus_information int $.value
C__CATG__NAGIOS_HOST_TPL_DEF retain_status_information int $.value
C__CATG__NAGIOS_HOST_TPL_DEF stalking_options list_int $[*].title
C__CATG__NAGIOS_HOST_TPL_FOLDER active_checks_enabled int $.value
C__CATG__NAGIOS_HOST_TPL_FOLDER address int $.id
C__CATG__NAGIOS_HOST_TPL_FOLDER check_freshness int $.value
C__CATG__NAGIOS_HOST_TPL_FOLDER check_period int $[*].id
C__CATG__NAGIOS_HOST_TPL_FOLDER event_handler_enabled int $.value
C__CATG__NAGIOS_HOST_TPL_FOLDER flap_detection_enabled int $.value
C__CATG__NAGIOS_HOST_TPL_FOLDER flap_detection_options list_text $[*].title
C__CATG__NAGIOS_HOST_TPL_FOLDER host_notification_options list_text $[*].title
C__CATG__NAGIOS_HOST_TPL_FOLDER host_template list_int $[*].id
C__CATG__NAGIOS_HOST_TPL_FOLDER initial_state text $.title
C__CATG__NAGIOS_HOST_TPL_FOLDER is_exportable int $.value
C__CATG__NAGIOS_HOST_TPL_FOLDER is_parent int $.value
C__CATG__NAGIOS_HOST_TPL_FOLDER notification_period int $.id
C__CATG__NAGIOS_HOST_TPL_FOLDER notifications_enabled int $.value
C__CATG__NAGIOS_HOST_TPL_FOLDER obsess_over_host int $.value
C__CATG__NAGIOS_HOST_TPL_FOLDER parents text $.title
C__CATG__NAGIOS_HOST_TPL_FOLDER passive_checks_enabled int $.value
C__CATG__NAGIOS_HOST_TPL_FOLDER process_perf_data int $.value
C__CATG__NAGIOS_HOST_TPL_FOLDER retain_nonstatus_information int $.value
C__CATG__NAGIOS_HOST_TPL_FOLDER retain_status_information int $.value
C__CATG__NAGIOS_HOST_TPL_FOLDER stalking_options list_int $[*].title
C__CATG__NAGIOS_SERVICE_DEF active_checks_enabled int $.value
C__CATG__NAGIOS_SERVICE_DEF check_command int $.id
C__CATG__NAGIOS_SERVICE_DEF check_freshness int $.value
C__CATG__NAGIOS_SERVICE_DEF check_period int $.id
C__CATG__NAGIOS_SERVICE_DEF event_handler_enabled int $.value
C__CATG__NAGIOS_SERVICE_DEF flap_detection_enabled int $.value
C__CATG__NAGIOS_SERVICE_DEF initial_state int $.id
C__CATG__NAGIOS_SERVICE_DEF is_active int $.value
C__CATG__NAGIOS_SERVICE_DEF is_exportable int $.value
C__CATG__NAGIOS_SERVICE_DEF is_volatile int $.value
C__CATG__NAGIOS_SERVICE_DEF notification_period int $.id
C__CATG__NAGIOS_SERVICE_DEF notifications_enabled int $.value
C__CATG__NAGIOS_SERVICE_DEF obsess_over_service int $.value
C__CATG__NAGIOS_SERVICE_DEF passive_checks_enabled int $.value
C__CATG__NAGIOS_SERVICE_DEF process_perf_data int $.value
C__CATG__NAGIOS_SERVICE_DEF retain_nonstatus_information  int $.value
C__CATG__NAGIOS_SERVICE_DEF retain_status_information int $.value
C__CATG__NAGIOS_SERVICE_DEF service_notification_options list_text $[*].title
C__CATG__NAGIOS_SERVICE_FOLDER active_checks_enabled int $.value
C__CATG__NAGIOS_SERVICE_FOLDER check_command int $.id
C__CATG__NAGIOS_SERVICE_FOLDER check_freshness int $.value
C__CATG__NAGIOS_SERVICE_FOLDER check_period int $.id
C__CATG__NAGIOS_SERVICE_FOLDER event_handler_enabled int $.value
C__CATG__NAGIOS_SERVICE_FOLDER flap_detection_enabled int $.value
C__CATG__NAGIOS_SERVICE_FOLDER initial_state int $.id
C__CATG__NAGIOS_SERVICE_FOLDER is_active int $.value
C__CATG__NAGIOS_SERVICE_FOLDER is_exportable int $.value
C__CATG__NAGIOS_SERVICE_FOLDER is_volatile int $.value
C__CATG__NAGIOS_SERVICE_FOLDER notification_period int $.id
C__CATG__NAGIOS_SERVICE_FOLDER notifications_enabled int $.value
C__CATG__NAGIOS_SERVICE_FOLDER obsess_over_service int $.value
C__CATG__NAGIOS_SERVICE_FOLDER passive_checks_enabled int $.value
C__CATG__NAGIOS_SERVICE_FOLDER process_perf_data int $.value
C__CATG__NAGIOS_SERVICE_FOLDER retain_nonstatus_information int $.value
C__CATG__NAGIOS_SERVICE_FOLDER retain_status_information int $.value
C__CATG__NAGIOS_SERVICE_FOLDER service_notification_options list_text $[*].title
C__CATG__NAGIOS_SERVICE_REFS_TPL_BACKWARDS assigned_objects int $.id
C__CATG__NAGIOS_SERVICE_TPL_DEF active_checks_enabled int $.value
C__CATG__NAGIOS_SERVICE_TPL_DEF check_freshness int $.value
C__CATG__NAGIOS_SERVICE_TPL_DEF check_freshness int $.value
C__CATG__NAGIOS_SERVICE_TPL_DEF check_period int $.id
C__CATG__NAGIOS_SERVICE_TPL_DEF event_handler_enabled int $.value
C__CATG__NAGIOS_SERVICE_TPL_DEF flap_detection_enabled int $.value
C__CATG__NAGIOS_SERVICE_TPL_DEF initial_state int $.id
C__CATG__NAGIOS_SERVICE_TPL_DEF is_exportable int $.value
C__CATG__NAGIOS_SERVICE_TPL_DEF is_volatile int $.value
C__CATG__NAGIOS_SERVICE_TPL_DEF notification_period int $.id
C__CATG__NAGIOS_SERVICE_TPL_DEF notifications_enabled int $.value
C__CATG__NAGIOS_SERVICE_TPL_DEF obsess_over_service int $.value
C__CATG__NAGIOS_SERVICE_TPL_DEF obsess_over_service int $.value
C__CATG__NAGIOS_SERVICE_TPL_DEF passive_checks_enabled int $.value
C__CATG__NAGIOS_SERVICE_TPL_DEF process_perf_data int $.value
C__CATG__NAGIOS_SERVICE_TPL_DEF retain_nonstatus_information int $.value
C__CATG__NAGIOS_SERVICE_TPL_DEF retain_status_information int $.id
C__CATG__NAGIOS_SERVICE_TPL_DEF retain_status_information int $.value
C__CATG__NAGIOS_SERVICE_TPL_DEF service_notification_options list_int $[*].title
C__CATG__NAGIOS_SERVICE_TPL_FOLDER active_checks_enabled int $.value
C__CATG__NAGIOS_SERVICE_TPL_FOLDER check_freshness int $.value
C__CATG__NAGIOS_SERVICE_TPL_FOLDER check_period int $.id
C__CATG__NAGIOS_SERVICE_TPL_FOLDER event_handler_enabled int $.value
C__CATG__NAGIOS_SERVICE_TPL_FOLDER flap_detection_enabled int $.value
C__CATG__NAGIOS_SERVICE_TPL_FOLDER initial_state int $.id
C__CATG__NAGIOS_SERVICE_TPL_FOLDER is_exportable int $.value
C__CATG__NAGIOS_SERVICE_TPL_FOLDER is_volatile int $.value
C__CATG__NAGIOS_SERVICE_TPL_FOLDER notification_period int $.id
C__CATG__NAGIOS_SERVICE_TPL_FOLDER notification_period int $.id 
C__CATG__NAGIOS_SERVICE_TPL_FOLDER notifications_enabled int $.value
C__CATG__NAGIOS_SERVICE_TPL_FOLDER obsess_over_service int $.value
C__CATG__NAGIOS_SERVICE_TPL_FOLDER passive_checks_enabled int $.value
C__CATG__NAGIOS_SERVICE_TPL_FOLDER process_perf_data int $.value
C__CATG__NAGIOS_SERVICE_TPL_FOLDER retain_nonstatus_information int $.value
C__CATG__NAGIOS_SERVICE_TPL_FOLDER retain_status_information int $.value
C__CATG__NAGIOS_SERVICE_TPL_FOLDER service_notification_options list_text $[*].title
C__CATG__NETWORK manufacturer int $.id
C__CATG__NETWORK model int $.id
C__CATG__OBJECT assigned_object int $.id
C__CATG__OPERATING_SYSTEM application int $.id
C__CATG__OPERATING_SYSTEM application_priority int $.id
C__CATG__OPERATING_SYSTEM application_type int $.id
C__CATG__OPERATING_SYSTEM assigned_it_service list_int $[*].id
C__CATG__OPERATING_SYSTEM assigned_license list_int $[*].id
C__CATG__OPERATING_SYSTEM assigned_version int $.id
C__CATG__POWER_CONSUMER active int $.value
C__CATG__POWER_CONSUMER manufacturer int $.id
C__CATG__POWER_CONSUMER model int $.id
C__CATG__RAID full_capacity int $.title
C__CATG__RAID raid_level int $.id
C__CATG__RAID raid_type int $.id
C__CATG__RAID storages list_int $.id
C__CATG__RAID storages list_int $[*].id
C__CATG__RELATION itservice int $.id
C__CATG__RELATION object1 int $.id
C__CATG__RELATION object2 int $.id
C__CATG__RELATION relation_type int $.id
C__CATG__RELATION weighting int $.id
C__CATG__RM_CONTROLLER connected_object int $.id
C__CATG__RM_CONTROLLER_BACKWARD connected_object int $.id
C__CATG__SERVICE active int $.id
C__CATG__SERVICE active int $.value
C__CATG__SERVICE type int $.id
C__CATG__SLA reaction_time_unit int $.id
C__CATG__SLA recovery_time_unit int $.id
C__CATG__SLA service_level int $.id
C__CATG__SLA service_level_dialog int $.id
C__CATG__SNMP title int $.id
C__CATG__STACK_MEMBER assigned_object int $.id
C__CATG__UNIVERSAL_INTERFACE plug int $.id
C__CATG__UNIVERSAL_INTERFACE type int $.id
C__CATG__VIRTUAL_HOST administration_service int $.id
C__CATG__VIRTUAL_HOST virtual_host int $.value
C__CATG__VIRTUAL_HOST_ROOT administration_service int $.id
C__CATG__VIRTUAL_HOST_ROOT virtual_host int $.id
C__CATG__VIRTUAL_HOST_ROOT virtual_host int $.value
C__CATG__VIRTUAL_MACHINE hosts int $.id
C__CATG__VIRTUAL_MACHINE primary int $.id
C__CATG__VIRTUAL_MACHINE system int $.id
C__CATG__VIRTUAL_MACHINE virtual_machine int $.id
C__CATG__VIRTUAL_MACHINE__ROOT hosts int $.id
C__CATG__VIRTUAL_MACHINE__ROOT primary int $.id
C__CATG__VIRTUAL_MACHINE__ROOT system int $.id
C__CATG__VIRTUAL_MACHINE__ROOT virtual_machine int $.id
C__CATS__APPLICATION_ASSIGNED_OBJ application_priority int $.id
C__CATS__APPLICATION_ASSIGNED_OBJ application_type int $.id
C__CATS__APPLICATION_ASSIGNED_OBJ assigned_it_service list_int $[*].id
C__CATS__APPLICATION_ASSIGNED_OBJ assigned_license list_int $[*].ref_id
C__CATS__APPLICATION_ASSIGNED_OBJ bequest_nagios_services int $.value
C__CATS__APPLICATION_ASSIGNED_OBJ object int $.id
C__CATS__CLIENT type int $.id
C__CATS__CONTRACT contract_status int $.id
C__CATS__CONTRACT cost_calculation text $.title
C__CATS__CONTRACT end_type int $.id
C__CATS__CONTRACT reaction_rate int $.id
C__CATS__CONTRACT run_time_unit int $.id
C__CATS__CONTRACT type int $.id
C__CATS__CONTRACT_ALLOCATION assigned_object int $.id
C__CATS__CONTRACT_INFORMATION contract_status int $.id
C__CATS__CONTRACT_INFORMATION cost_calculation text $.id
C__CATS__CONTRACT_INFORMATION end_type int $.id
C__CATS__CONTRACT_INFORMATION reaction_rate int $.id
C__CATS__CONTRACT_INFORMATION run_time_unit int $.id
C__CATS__CONTRACT_INFORMATION type int $.id
C__CATS__GROUP object int $.id
C__CATS__LAYER2_NET ip_helper_addresses list_text $[*].ip
C__CATS__LAYER2_NET layer3_assignments list_int $[*].id
C__CATS__LAYER2_NET standard int $.value
C__CATS__LAYER2_NET subtype int $.id
C__CATS__LAYER2_NET type int $.id
C__CATS__LAYER2_NET_ASSIGNED_LOGICAL_PORTS isys_catg_log_port_list__id int $.id
C__CATS__LAYER2_NET_ASSIGNED_LOGICAL_PORTS isys_obj__id int $.id
C__CATS__LAYER2_NET_ASSIGNED_PORTS isys_catg_port_list__id int $.id
C__CATS__LAYER2_NET_ASSIGNED_PORTS isys_obj__id int $.id
C__CATS__NET gateway int $.id
C__CATS__NET layer2_assignments list_int $[*].id
C__CATS__NET type int $.id
C__CATS__NET_DHCP type int $.id
C__CATS__NET_IP_ADDRESSES assigned_object int $.id
C__CATS__NET_IP_ADDRESSES ipv4_assignment int $.id
C__CATS__NET_IP_ADDRESSES ipv6_assignment int $.id
C__CATS__NET_IP_ADDRESSES ipv6_assignment int $.id
C__CATS__NET_IP_ADDRESSES net_type int $.id
C__CATS__NET_IP_ADDRESSES object int $.id
C__CATS__ORGANIZATION headquarter int $.id
C__CATS__ORGANIZATION_CONTACT_ASSIGNMENT object int $.id
C__CATS__ORGANIZATION_CONTACT_ASSIGNMENT role int $.id
C__CATS__ORGANIZATION_MASTER_DATA headquarter int $.id
C__CATS__ORGANIZATION_PERSONS contact list_int $.id
C__CATS__ORGANIZATION_PERSONS contact list_int $.id
C__CATS__ORGANIZATION_PERSONS contact list_int $.id
C__CATS__ORGANIZATION_PERSONS contact list_int $[*].id
C__CATS__ORGANIZATION_PERSONS object int $.id
C__CATS__PERSON ldap_id text $.dn
C__CATS__PERSON organization int $.id
C__CATS__PERSON_ASSIGNED_GROUPS connected_object int $.id
C__CATS__PERSON_ASSIGNED_GROUPS contact list_int $[*].id
C__CATS__PERSON_CONTACT_ASSIGNMENT object int $.id
C__CATS__PERSON_CONTACT_ASSIGNMENT object_type text $ # Should be int but no field has none text
C__CATS__PERSON_CONTACT_ASSIGNMENT role int $.id
C__CATS__PERSON_GROUP_CONTACT_ASSIGNMENT object int $.id
C__CATS__PERSON_GROUP_CONTACT_ASSIGNMENT object_type text $
C__CATS__PERSON_GROUP_CONTACT_ASSIGNMENT role int $.id
C__CATS__PERSON_GROUP_MEMBERS connected_object int $.id
C__CATS__PERSON_GROUP_MEMBERS organization int $.id
C__CATS__PERSON_MASTER ldap_id text $.dn
C__CATS__PERSON_MASTER organization int $.id 
C__CATS__PRT emulation int $.id
C__CATS__PRT is_color int $.value
C__CATS__PRT is_duplex int $.value
C__CATS__PRT type int $.id
C__CATS__ROOM type int $.id
C__CATS__SERVICE installation int $.id
C__CATS__SERVICE manufacturer int $.id
C__CATS__SWITCH_FC is_active int $.value
C__CATS__SWITCH_NET role int $.id
C__CMDB__SUBCAT__LICENCE_LIST lic_not_in_use int $.title
C__CMDB__SUBCAT__LICENCE_LIST overall_costs money $.title
C__CMDB__SUBCAT__LICENCE_LIST type int $.id
C__CMDB__SUBCAT__LICENCE_LIST used_licences int $.title
C__CMDB__SUBCAT__NETWORK_INTERFACE_L active int $.value
C__CMDB__SUBCAT__NETWORK_INTERFACE_L net list_int $[*].id
C__CMDB__SUBCAT__NETWORK_INTERFACE_P manufacturer int $.id
C__CMDB__SUBCAT__NETWORK_INTERFACE_P model int $.id
C__CMDB__SUBCAT__NETWORK_PORT active int $.value
C__CMDB__SUBCAT__NETWORK_PORT addresses list_int $[*].id
C__CMDB__SUBCAT__NETWORK_PORT assigned_connector list_int $[*].id
C__CMDB__SUBCAT__NETWORK_PORT cable int $[*].id
C__CMDB__SUBCAT__NETWORK_PORT default_vlan int $.id
C__CMDB__SUBCAT__NETWORK_PORT duplex int $.id
C__CMDB__SUBCAT__NETWORK_PORT interface list_int $.id
C__CMDB__SUBCAT__NETWORK_PORT interface list_int $[*].id
C__CMDB__SUBCAT__NETWORK_PORT interface list_int $[*].id
C__CMDB__SUBCAT__NETWORK_PORT negotiation int $.id
C__CMDB__SUBCAT__NETWORK_PORT plug_type int $.id
C__CMDB__SUBCAT__NETWORK_PORT port_mode int $.id
C__CMDB__SUBCAT__NETWORK_PORT port_type int $.id
C__CMDB__SUBCAT__NETWORK_PORT relation_direction int $.id
C__CMDB__SUBCAT__NETWORK_PORT speed_type int $.id
C__CMDB__SUBCAT__NETWORK_PORT speed double $.title
C__CMDB__SUBCAT__NETWORK_PORT layer2_assignment list_int $[*].id
C__CMDB__SUBCAT__STORAGE__DEVICE capacity double $.title
C__CMDB__SUBCAT__STORAGE__DEVICE connected int $.id
C__CMDB__SUBCAT__STORAGE__DEVICE hotspare int $.value
C__CMDB__SUBCAT__STORAGE__DEVICE lto_type int $.id
C__CMDB__SUBCAT__STORAGE__DEVICE raid_group int $.id
C__CMDB__SUBCAT__STORAGE__DEVICE type int $.id
C__CMDB__SUBCAT__STORAGE__DEVICE unit int $.id
